#-----------------------------------------------------------
# Vivado v2019.2.1 (64-bit)
# SW Build 2729669 on Thu Dec  5 04:49:17 MST 2019
# IP Build 2729494 on Thu Dec  5 07:38:25 MST 2019
# Start of session at: Sat Nov  5 23:11:05 2022
# Process ID: 19368
# Current directory: C:/Users/googl/Documents/Anything Relevant/University/4th Year/4310/Labs/Lab 2/Lab_2
# Command line: vivado.exe -gui_launcher_event rodinguilauncherevent18188 C:\Users\googl\Documents\Anything Relevant\University\4th Year\4310\Labs\Lab 2\Lab_2\Lab_2.xpr
# Log file: C:/Users/googl/Documents/Anything Relevant/University/4th Year/4310/Labs/Lab 2/Lab_2/vivado.log
# Journal file: C:/Users/googl/Documents/Anything Relevant/University/4th Year/4310/Labs/Lab 2/Lab_2\vivado.jou
#-----------------------------------------------------------
start_gui
open_project {C:/Users/googl/Documents/Anything Relevant/University/4th Year/4310/Labs/Lab 2/Lab_2/Lab_2.xpr}
update_compile_order -fileset sources_1
update_compile_order -fileset sources_1
update_compile_order -fileset sources_1
launch_simulation
source cache_tb.tcl
close_sim
launch_simulation
source cache_tb.tcl
close_sim
update_compile_order -fileset sources_1
update_compile_order -fileset sources_1
launch_simulation
source cache_tb.tcl
update_compile_order -fileset sources_1
update_compile_order -fileset sources_1
close_sim
launch_simulation
source cache_tb.tcl
run all
close_sim
launch_simulation
source cache_tb.tcl
run 10 us
run 10 us
run 5 us
run 5 us
relaunch_sim
relaunch_sim
relaunch_sim
relaunch_sim
relaunch_sim
relaunch_sim
relaunch_sim
relaunch_sim
relaunch_sim
relaunch_sim
relaunch_sim
relaunch_sim
relaunch_sim
relaunch_sim
relaunch_sim
relaunch_sim
relaunch_sim
relaunch_sim
close_sim
